// Jest Snapshot v1, https://goo.gl/fbAQLP

exports[`Header should match snapshot 1`] = `
<header>
  <nav>
    <a
      href="/user"
      onClick={[Function]}
    />
    <a
      href="/tasks"
      onClick={[Function]}
    >
      Tasks
    </a>
    <a
      href="/signout"
      onClick={[Function]}
    >
      Sign Out
    </a>
  </nav>
</header>
`;
